⚠️ Live session indexing failed: The module '/Users/lucca/.pi/agent/npm/node_modules/better-sqlite3/build/Release/better_sqlite3.node'
was compiled against a different Node.js version using
NODE_MODULE_VERSION 127. This version of Node.js requires
NODE_MODULE_VERSION 147. Please try re-compiling or re-installing
the module (for instance, using `npm rebuild` or `npm install`).
⚠️ Live session indexing failed: The module '/Users/lucca/.pi/agent/npm/node_modules/better-sqlite3/build/Release/better_sqlite3.node'
was compiled against a different Node.js version using
NODE_MODULE_VERSION 127. This version of Node.js requires
NODE_MODULE_VERSION 147. Please try re-compiling or re-installing
the module (for instance, using `npm rebuild` or `npm install`).
⚠️ Live session indexing failed: The module '/Users/lucca/.pi/agent/npm/node_modules/better-sqlite3/build/Release/better_sqlite3.node'
was compiled against a different Node.js version using
NODE_MODULE_VERSION 127. This version of Node.js requires
NODE_MODULE_VERSION 147. Please try re-compiling or re-installing
the module (for instance, using `npm rebuild` or `npm install`).
⚠️ Live session indexing failed: The module '/Users/lucca/.pi/agent/npm/node_modules/better-sqlite3/build/Release/better_sqlite3.node'
was compiled against a different Node.js version using
NODE_MODULE_VERSION 127. This version of Node.js requires
NODE_MODULE_VERSION 147. Please try re-compiling or re-installing
the module (for instance, using `npm rebuild` or `npm install`).
⚠️ Live session indexing failed: The module '/Users/lucca/.pi/agent/npm/node_modules/better-sqlite3/build/Release/better_sqlite3.node'
was compiled against a different Node.js version using
NODE_MODULE_VERSION 127. This version of Node.js requires
NODE_MODULE_VERSION 147. Please try re-compiling or re-installing
the module (for instance, using `npm rebuild` or `npm install`).
⚠️ Live session indexing failed: The module '/Users/lucca/.pi/agent/npm/node_modules/better-sqlite3/build/Release/better_sqlite3.node'
was compiled against a different Node.js version using
NODE_MODULE_VERSION 127. This version of Node.js requires
NODE_MODULE_VERSION 147. Please try re-compiling or re-installing
the module (for instance, using `npm rebuild` or `npm install`).
⚠️ Live session indexing failed: The module '/Users/lucca/.pi/agent/npm/node_modules/better-sqlite3/build/Release/better_sqlite3.node'
was compiled against a different Node.js version using
NODE_MODULE_VERSION 127. This version of Node.js requires
NODE_MODULE_VERSION 147. Please try re-compiling or re-installing
the module (for instance, using `npm rebuild` or `npm install`).
⚠️ Live session indexing failed: The module '/Users/lucca/.pi/agent/npm/node_modules/better-sqlite3/build/Release/better_sqlite3.node'
was compiled against a different Node.js version using
NODE_MODULE_VERSION 127. This version of Node.js requires
NODE_MODULE_VERSION 147. Please try re-compiling or re-installing
the module (for instance, using `npm rebuild` or `npm install`).
⚠️ Live session indexing failed: The module '/Users/lucca/.pi/agent/npm/node_modules/better-sqlite3/build/Release/better_sqlite3.node'
was compiled against a different Node.js version using
NODE_MODULE_VERSION 127. This version of Node.js requires
NODE_MODULE_VERSION 147. Please try re-compiling or re-installing
the module (for instance, using `npm rebuild` or `npm install`).
⚠️ Live session indexing failed: The module '/Users/lucca/.pi/agent/npm/node_modules/better-sqlite3/build/Release/better_sqlite3.node'
was compiled against a different Node.js version using
NODE_MODULE_VERSION 127. This version of Node.js requires
NODE_MODULE_VERSION 147. Please try re-compiling or re-installing
the module (for instance, using `npm rebuild` or `npm install`).
⚠️ Live session indexing failed: The module '/Users/lucca/.pi/agent/npm/node_modules/better-sqlite3/build/Release/better_sqlite3.node'
was compiled against a different Node.js version using
NODE_MODULE_VERSION 127. This version of Node.js requires
NODE_MODULE_VERSION 147. Please try re-compiling or re-installing
the module (for instance, using `npm rebuild` or `npm install`).
⚠️ Live session indexing failed: The module '/Users/lucca/.pi/agent/npm/node_modules/better-sqlite3/build/Release/better_sqlite3.node'
was compiled against a different Node.js version using
NODE_MODULE_VERSION 127. This version of Node.js requires
NODE_MODULE_VERSION 147. Please try re-compiling or re-installing
the module (for instance, using `npm rebuild` or `npm install`).
⚠️ Live session indexing failed: The module '/Users/lucca/.pi/agent/npm/node_modules/better-sqlite3/build/Release/better_sqlite3.node'
was compiled against a different Node.js version using
NODE_MODULE_VERSION 127. This version of Node.js requires
NODE_MODULE_VERSION 147. Please try re-compiling or re-installing
the module (for instance, using `npm rebuild` or `npm install`).
⚠️ Live session indexing failed: The module '/Users/lucca/.pi/agent/npm/node_modules/better-sqlite3/build/Release/better_sqlite3.node'
was compiled against a different Node.js version using
NODE_MODULE_VERSION 127. This version of Node.js requires
NODE_MODULE_VERSION 147. Please try re-compiling or re-installing
the module (for instance, using `npm rebuild` or `npm install`).
⚠️ Live session indexing failed: The module '/Users/lucca/.pi/agent/npm/node_modules/better-sqlite3/build/Release/better_sqlite3.node'
was compiled against a different Node.js version using
NODE_MODULE_VERSION 127. This version of Node.js requires
NODE_MODULE_VERSION 147. Please try re-compiling or re-installing
the module (for instance, using `npm rebuild` or `npm install`).
⚠️ Live session indexing failed: The module '/Users/lucca/.pi/agent/npm/node_modules/better-sqlite3/build/Release/better_sqlite3.node'
was compiled against a different Node.js version using
NODE_MODULE_VERSION 127. This version of Node.js requires
NODE_MODULE_VERSION 147. Please try re-compiling or re-installing
the module (for instance, using `npm rebuild` or `npm install`).
⚠️ Live session indexing failed: The module '/Users/lucca/.pi/agent/npm/node_modules/better-sqlite3/build/Release/better_sqlite3.node'
was compiled against a different Node.js version using
NODE_MODULE_VERSION 127. This version of Node.js requires
NODE_MODULE_VERSION 147. Please try re-compiling or re-installing
the module (for instance, using `npm rebuild` or `npm install`).
⚠️ Live session indexing failed: The module '/Users/lucca/.pi/agent/npm/node_modules/better-sqlite3/build/Release/better_sqlite3.node'
was compiled against a different Node.js version using
NODE_MODULE_VERSION 127. This version of Node.js requires
NODE_MODULE_VERSION 147. Please try re-compiling or re-installing
the module (for instance, using `npm rebuild` or `npm install`).
⚠️ Live session indexing failed: The module '/Users/lucca/.pi/agent/npm/node_modules/better-sqlite3/build/Release/better_sqlite3.node'
was compiled against a different Node.js version using
NODE_MODULE_VERSION 127. This version of Node.js requires
NODE_MODULE_VERSION 147. Please try re-compiling or re-installing
the module (for instance, using `npm rebuild` or `npm install`).
⚠️ Live session indexing failed: The module '/Users/lucca/.pi/agent/npm/node_modules/better-sqlite3/build/Release/better_sqlite3.node'
was compiled against a different Node.js version using
NODE_MODULE_VERSION 127. This version of Node.js requires
NODE_MODULE_VERSION 147. Please try re-compiling or re-installing
the module (for instance, using `npm rebuild` or `npm install`).
⚠️ Live session indexing failed: The module '/Users/lucca/.pi/agent/npm/node_modules/better-sqlite3/build/Release/better_sqlite3.node'
was compiled against a different Node.js version using
NODE_MODULE_VERSION 127. This version of Node.js requires
NODE_MODULE_VERSION 147. Please try re-compiling or re-installing
the module (for instance, using `npm rebuild` or `npm install`).
⚠️ Live session indexing failed: The module '/Users/lucca/.pi/agent/npm/node_modules/better-sqlite3/build/Release/better_sqlite3.node'
was compiled against a different Node.js version using
NODE_MODULE_VERSION 127. This version of Node.js requires
NODE_MODULE_VERSION 147. Please try re-compiling or re-installing
the module (for instance, using `npm rebuild` or `npm install`).
⚠️ Live session indexing failed: The module '/Users/lucca/.pi/agent/npm/node_modules/better-sqlite3/build/Release/better_sqlite3.node'
was compiled against a different Node.js version using
NODE_MODULE_VERSION 127. This version of Node.js requires
NODE_MODULE_VERSION 147. Please try re-compiling or re-installing
the module (for instance, using `npm rebuild` or `npm install`).
⚠️ Live session indexing failed: The module '/Users/lucca/.pi/agent/npm/node_modules/better-sqlite3/build/Release/better_sqlite3.node'
was compiled against a different Node.js version using
NODE_MODULE_VERSION 127. This version of Node.js requires
NODE_MODULE_VERSION 147. Please try re-compiling or re-installing
the module (for instance, using `npm rebuild` or `npm install`).
⚠️ Live session indexing failed: The module '/Users/lucca/.pi/agent/npm/node_modules/better-sqlite3/build/Release/better_sqlite3.node'
was compiled against a different Node.js version using
NODE_MODULE_VERSION 127. This version of Node.js requires
NODE_MODULE_VERSION 147. Please try re-compiling or re-installing
the module (for instance, using `npm rebuild` or `npm install`).
⚠️ Live session indexing failed: The module '/Users/lucca/.pi/agent/npm/node_modules/better-sqlite3/build/Release/better_sqlite3.node'
was compiled against a different Node.js version using
NODE_MODULE_VERSION 127. This version of Node.js requires
NODE_MODULE_VERSION 147. Please try re-compiling or re-installing
the module (for instance, using `npm rebuild` or `npm install`).
⚠️ Live session indexing failed: The module '/Users/lucca/.pi/agent/npm/node_modules/better-sqlite3/build/Release/better_sqlite3.node'
was compiled against a different Node.js version using
NODE_MODULE_VERSION 127. This version of Node.js requires
NODE_MODULE_VERSION 147. Please try re-compiling or re-installing
the module (for instance, using `npm rebuild` or `npm install`).
⚠️ Live session indexing failed: The module '/Users/lucca/.pi/agent/npm/node_modules/better-sqlite3/build/Release/better_sqlite3.node'
was compiled against a different Node.js version using
NODE_MODULE_VERSION 127. This version of Node.js requires
NODE_MODULE_VERSION 147. Please try re-compiling or re-installing
the module (for instance, using `npm rebuild` or `npm install`).
⚠️ Live session indexing failed: The module '/Users/lucca/.pi/agent/npm/node_modules/better-sqlite3/build/Release/better_sqlite3.node'
was compiled against a different Node.js version using
NODE_MODULE_VERSION 127. This version of Node.js requires
NODE_MODULE_VERSION 147. Please try re-compiling or re-installing
the module (for instance, using `npm rebuild` or `npm install`).
⚠️ Live session indexing failed: The module '/Users/lucca/.pi/agent/npm/node_modules/better-sqlite3/build/Release/better_sqlite3.node'
was compiled against a different Node.js version using
NODE_MODULE_VERSION 127. This version of Node.js requires
NODE_MODULE_VERSION 147. Please try re-compiling or re-installing
the module (for instance, using `npm rebuild` or `npm install`).
⚠️ Live session indexing failed: The module '/Users/lucca/.pi/agent/npm/node_modules/better-sqlite3/build/Release/better_sqlite3.node'
was compiled against a different Node.js version using
NODE_MODULE_VERSION 127. This version of Node.js requires
NODE_MODULE_VERSION 147. Please try re-compiling or re-installing
the module (for instance, using `npm rebuild` or `npm install`).
⚠️ Live session indexing failed: The module '/Users/lucca/.pi/agent/npm/node_modules/better-sqlite3/build/Release/better_sqlite3.node'
was compiled against a different Node.js version using
NODE_MODULE_VERSION 127. This version of Node.js requires
NODE_MODULE_VERSION 147. Please try re-compiling or re-installing
the module (for instance, using `npm rebuild` or `npm install`).
The build compiles with zero errors and zero warnings. Here's a summary of what was created:

## NebulaTask Landing Page

**Tech stack:** React + Vite + TypeScript + Tailwind CSS v3

**Design:** A cosmic violet/cyan theme — deep nebula-950 background with gradient orbs, glassmorphism cards, and gradient text — fitting the "Nebula" product name. Fully responsive (mobile + desktop).

**Sections built:**

1. **Hero** — Product name with gradient text, tagline, badge with pulsing dot, and "Start Free Trial" CTA button with gradient and hover effects
2. **Features** — Three cards with emoji icons (🧠 Smart Prioritization, 🌍 Team Sync, 🎧 Deep Focus Mode), each with hover lift effect and glassmorphism styling
3. **Stats bar** — Three numbers (50K+ teams, 4.9/5 rating, 120+ countries) in a gradient-bordered container with dividers
4. **Footer** — "NebulaTask" logo text, three fake links (About, Pricing, Contact), and "© 2026 NebulaTask Inc." copyright

**Components:**
- `src/App.tsx` — layout with decorative gradient orbs
- `src/components/Hero.tsx`
- `src/components/Features.tsx`
- `src/components/Stats.tsx`
- `src/components/Footer.tsx`

`npm run build` passes cleanly — no errors, no warnings.
⚠️ Live session indexing failed: The module '/Users/lucca/.pi/agent/npm/node_modules/better-sqlite3/build/Release/better_sqlite3.node'
was compiled against a different Node.js version using
NODE_MODULE_VERSION 127. This version of Node.js requires
NODE_MODULE_VERSION 147. Please try re-compiling or re-installing
the module (for instance, using `npm rebuild` or `npm install`).
